2025-06-07 09:00:01 INFO Application starting
2025-06-07 09:00:03 INFO Loading configuration
2025-06-07 09:00:05 INFO Database connection established
2025-06-07 09:05:10 INFO User login successful
2025-06-07 09:10:15 WARNING High memory usage detected
2025-06-07 09:15:20 ERROR Database connection failed
2025-06-07 09:15:25 ERROR Database connection failed
2025-06-07 09:15:30 ERROR Database connection failed
2025-06-07 09:16:00 INFO Retrying database connection
2025-06-07 09:16:10 INFO Database connection established
2025-06-07 09:20:45 WARNING Disk usage above 80%
2025-06-07 09:25:00 INFO API request received
2025-06-07 09:25:02 ERROR Timeout on API call
2025-06-07 09:25:05 ERROR Timeout on API call
2025-06-07 09:25:10 INFO API request completed
2025-06-07 09:30:15 INFO User login successful
2025-06-07 09:35:00 WARNING High memory usage detected
2025-06-07 09:40:20 ERROR Authentication service unavailable
2025-06-07 09:40:25 ERROR Authentication service unavailable
2025-06-07 09:45:00 INFO Service recovered
2025-06-07 09:50:10 INFO Scheduled backup started
2025-06-07 09:50:20 INFO Scheduled backup completed
2025-06-07 09:55:15 WARNING Disk usage above 80%
2025-06-07 10:00:00 error Database connection failed
2025-06-07 10:05:00 INFO Application healthy
